{
  "@id": "8e7767c80dc1119e5307d71074de6c54",
  "@type": "siibra-python/regional-feature/connectivity-profile/v1.0.0",
  "profile": {
    "profile": [
      1,
      153,
      0,
      1,
      0,
      0,
      13,
      88,
      0,
      0,
      0,
      0,
      0,
      0,
      0,
      0,
      0,
      0,
      1,
      0,
      2,
      0,
      8,
      0,
      3,
      0,
      1,
      0,
      169,
      2,
      0,
      0,
      11,
      0,
      0,
      0,
      0,
      46,
      0,
      0,
      1,
      6,
      0,
      0,
      1,
      0,
      4,
      1,
      1,
      0,
      2,
      2,
      0,
      8,
      0,
      12,
      0,
      0,
      2,
      6,
      8,
      26,
      0,
      0,
      530,
      2,
      0,
      0,
      2,
      2,
      0,
      0,
      0,
      0,
      6,
      2,
      3,
      1,
      0,
      0,
      133,
      2,
      17,
      13,
      190,
      316,
      918,
      3801,
      63,
      6524,
      4,
      35,
      570,
      13223,
      754,
      14138,
      10,
      980,
      6,
      63,
      4,
      418,
      0,
      0,
      0,
      0,
      0,
      0,
      0,
      0,
      0,
      0,
      0,
      0,
      2,
      1,
      0,
      1,
      2,
      5,
      2,
      18,
      0,
      1,
      0,
      0,
      1,
      1,
      0,
      1,
      5,
      33,
      3,
      119,
      0,
      0,
      0,
      0,
      1,
      0,
      0,
      36,
      1,
      68,
      0,
      26,
      0,
      0,
      0,
      2,
      0,
      1,
      0,
      55,
      1,
      99,
      0,
      23,
      0,
      6,
      0,
      16,
      0,
      1,
      0,
      1,
      0,
      11,
      0,
      0,
      4,
      28,
      49,
      364,
      0,
      14,
      4,
      8,
      0,
      1,
      0,
      0,
      0,
      45,
      82,
      171,
      2,
      36,
      0,
      8,
      8,
      12,
      1,
      24,
      1,
      69,
      0,
      0,
      55,
      407,
      32,
      1147,
      44,
      202,
      57,
      367,
      2,
      11,
      2,
      9,
      2,
      188,
      0,
      103,
      0,
      0,
      1,
      26,
      1,
      0,
      6,
      130,
      0,
      506,
      2,
      69,
      1,
      190,
      0,
      294,
      0,
      1225,
      0,
      173,
      0,
      3,
      2,
      2,
      1312,
      3086,
      211,
      3757,
      30,
      88,
      44,
      606,
      1,
      13,
      4,
      0,
      1,
      0,
      0,
      1,
      0,
      65,
      0,
      9,
      8,
      32,
      0,
      4,
      1,
      110,
      0,
      0,
      0,
      2,
      0,
      37,
      0,
      91,
      2,
      15,
      2,
      51,
      0,
      0,
      30,
      60,
      5,
      16,
      15,
      123,
      0,
      3,
      1,
      2,
      3,
      3,
      0,
      0,
      0,
      0,
      5,
      35
    ],
    "regionnames": [
      "Frontal-to-Temporal-I (GapMap) right",
      "Frontal-to-Temporal-I (GapMap) left",
      "Ch 123 (Basal Forebrain) right",
      "Ch 123 (Basal Forebrain) left",
      "Ch 4 (Basal Forebrain) right",
      "Ch 4 (Basal Forebrain) left",
      "LB (Amygdala) right",
      "LB (Amygdala) left",
      "CM (Amygdala) right",
      "CM (Amygdala) left",
      "SF (Amygdala) right",
      "SF (Amygdala) left",
      "VTM (Amygdala) right",
      "VTM (Amygdala) left",
      "IF (Amygdala) right",
      "IF (Amygdala) left",
      "MF (Amygdala) right",
      "MF (Amygdala) left",
      "BST (Bed Nucleus) right",
      "BST (Bed Nucleus) left",
      "Area 5L (SPL) right",
      "Area 5L (SPL) left",
      "Area 7M (SPL) right",
      "Area 7M (SPL) left",
      "Area 7PC (SPL) right",
      "Area 7PC (SPL) left",
      "Area 5M (SPL) right",
      "Area 5M (SPL) left",
      "Area 7P (SPL) right",
      "Area 7P (SPL) left",
      "Area 5Ci (SPL) right",
      "Area 5Ci (SPL) left",
      "Area 7A (SPL) right",
      "Area 7A (SPL) left",
      "Area OP3 (POperc) right",
      "Area OP3 (POperc) left",
      "Area OP4 (POperc) right",
      "Area OP4 (POperc) left",
      "Area OP2 (POperc) right",
      "Area OP2 (POperc) left",
      "Area OP1 (POperc) right",
      "Area OP1 (POperc) left",
      "Area 3b (PostCG) right",
      "Area 3b (PostCG) left",
      "Area 1 (PostCG) right",
      "Area 1 (PostCG) left",
      "Area 2 (PostCS) right",
      "Area 2 (PostCS) left",
      "Area 3a (PostCG) right",
      "Area 3a (PostCG) left",
      "Area PF (IPL) right",
      "Area PF (IPL) left",
      "Area PFcm (IPL) right",
      "Area PFcm (IPL) left",
      "Area PGa (IPL) right",
      "Area PGa (IPL) left",
      "Area PFt (IPL) right",
      "Area PFt (IPL) left",
      "Area PFm (IPL) right",
      "Area PFm (IPL) left",
      "Area PGp (IPL) right",
      "Area PGp (IPL) left",
      "Area PFop (IPL) right",
      "Area PFop (IPL) left",
      "Area hPO1 (POS) right",
      "Area hPO1 (POS) left",
      "Area hIP1 (IPS) right",
      "Area hIP1 (IPS) left",
      "Area hIP7 (IPS) right",
      "Area hIP7 (IPS) left",
      "Area hIP3 (IPS) right",
      "Area hIP3 (IPS) left",
      "Area hIP2 (IPS) right",
      "Area hIP2 (IPS) left",
      "Area hIP4 (IPS) right",
      "Area hIP4 (IPS) left",
      "Area hIP5 (IPS) right",
      "Area hIP5 (IPS) left",
      "Area hIP6 (IPS) right",
      "Area hIP6 (IPS) left",
      "Area hIP8 (IPS) right",
      "Area hIP8 (IPS) left",
      "Area hOc6 (POS) right",
      "Area hOc6 (POS) left",
      "Area hOc4d (Cuneus) right",
      "Area hOc4d (Cuneus) left",
      "Area hOc3d (Cuneus) right",
      "Area hOc3d (Cuneus) left",
      "Area hOc3v (LingG) right",
      "Area hOc3v (LingG) left",
      "Area hOc4v (LingG) right",
      "Area hOc4v (LingG) left",
      "Area hOc2 (V2, 18) right",
      "Area hOc2 (V2, 18) left",
      "Area hOc1 (V1, 17, CalcS) right",
      "Area hOc1 (V1, 17, CalcS) left",
      "Area hOc4lp (LOC) right",
      "Area hOc4lp (LOC) left",
      "Area hOc5 (LOC) right",
      "Area hOc5 (LOC) left",
      "Area hOc4la (LOC) right",
      "Area hOc4la (LOC) left",
      "Area IFJ1 (IFS,PreCS) right",
      "Area IFJ1 (IFS,PreCS) left",
      "Area IFS4 (IFS) right",
      "Area IFS4 (IFS) left",
      "Area IFS2 (IFS) right",
      "Area IFS2 (IFS) left",
      "Area IFS1 (IFS) right",
      "Area IFS1 (IFS) left",
      "Area IFS3 (IFS) right",
      "Area IFS3 (IFS) left",
      "Area IFJ2 (IFS,PreCS) right",
      "Area IFJ2 (IFS,PreCS) left",
      "Area 8v2 (MFG) right",
      "Area 8v2 (MFG) left",
      "Area 8v1 (MFG) right",
      "Area 8v1 (MFG) left",
      "Area 44 (IFG) right",
      "Area 44 (IFG) left",
      "Area 45 (IFG) right",
      "Area 45 (IFG) left",
      "Area 6d2 (PreCG) right",
      "Area 6d2 (PreCG) left",
      "Area 6d1 (PreCG) right",
      "Area 6d1 (PreCG) left",
      "Area 6ma (preSMA, mesial SFG) right",
      "Area 6ma (preSMA, mesial SFG) left",
      "Area 6d3 (SFS) right",
      "Area 6d3 (SFS) left",
      "Area Fp1 (FPole) right",
      "Area Fp1 (FPole) left",
      "Area Fp2 (FPole) right",
      "Area Fp2 (FPole) left",
      "Area 6mp (SMA, mesial SFG) right",
      "Area 6mp (SMA, mesial SFG) left",
      "Area 4p (PreCG) right",
      "Area 4p (PreCG) left",
      "Area 4a (PreCG) right",
      "Area 4a (PreCG) left",
      "Area Fo1 (OFC) right",
      "Area Fo1 (OFC) left",
      "Area Fo3 (OFC) right",
      "Area Fo3 (OFC) left",
      "Area Fo2 (OFC) right",
      "Area Fo2 (OFC) left",
      "Area Op7 (Frontal Operculum) right",
      "Area Op7 (Frontal Operculum) left",
      "Area Op8 (Frontal Operculum) right",
      "Area Op8 (Frontal Operculum) left",
      "Area Op5 (Frontal Operculum) right",
      "Area Op5 (Frontal Operculum) left",
      "Area Op6 (Frontal Operculum) right",
      "Area Op6 (Frontal Operculum) left",
      "Area Op9 (Frontal Operculum) right",
      "Area Op9 (Frontal Operculum) left",
      "Area Fo6 (OFC) right",
      "Area Fo6 (OFC) left",
      "Area Fo5 (OFC) right",
      "Area Fo5 (OFC) left",
      "Area Fo7 (OFC) right",
      "Area Fo7 (OFC) left",
      "Area Fo4 (OFC) right",
      "Area Fo4 (OFC) left",
      "Area 8d2 (SFG) right",
      "Area 8d2 (SFG) left",
      "Area 8d1 (SFG) right",
      "Area 8d1 (SFG) left",
      "Area Ig3 (Insula) right",
      "Area Ig3 (Insula) left",
      "Area Ig1 (Insula) right",
      "Area Ig1 (Insula) left",
      "Area Ig2 (Insula) right",
      "Area Ig2 (Insula) left",
      "Area Ia2 (Insula) right",
      "Area Ia2 (Insula) left",
      "Area Ia1 (Insula) right",
      "Area Ia1 (Insula) left",
      "Area Ia3 (Insula) right",
      "Area Ia3 (Insula) left",
      "Area Id2 (Insula) right",
      "Area Id2 (Insula) left",
      "Area Id8 (Insula) right",
      "Area Id8 (Insula) left",
      "Area Id1 (Insula) right",
      "Area Id1 (Insula) left",
      "Area Id9 (Insula) right",
      "Area Id9 (Insula) left",
      "Area Id7 (Insula) right",
      "Area Id7 (Insula) left",
      "Area Id5 (Insula) right",
      "Area Id5 (Insula) left",
      "Area Id6 (Insula) right",
      "Area Id6 (Insula) left",
      "Area Id10 (Insula) right",
      "Area Id10 (Insula) left",
      "Area Id4 (Insula) right",
      "Area Id4 (Insula) left",
      "Area Id3 (Insula) right",
      "Area Id3 (Insula) left",
      "Area STS2 (STS) right",
      "Area STS2 (STS) left",
      "Area STS1 (STS) right",
      "Area STS1 (STS) left",
      "Area TE 3 (STG) right",
      "Area TE 3 (STG) left",
      "Area TE 2.2 (STG) right",
      "Area TE 2.2 (STG) left",
      "Area TE 2.1 (STG) right",
      "Area TE 2.1 (STG) left",
      "Area TI (STG) right",
      "Area TI (STG) left",
      "Area TeI (STG) right",
      "Area TeI (STG) left",
      "Area TE 1.2 (HESCHL) right",
      "Area TE 1.2 (HESCHL) left",
      "Area TE 1.1 (HESCHL) right",
      "Area TE 1.1 (HESCHL) left",
      "Area TE 1.0 (HESCHL) right",
      "Area TE 1.0 (HESCHL) left",
      "Area Ph3 (PhG) right",
      "Area Ph3 (PhG) left",
      "Area Ph1 (PhG) right",
      "Area Ph1 (PhG) left",
      "Area Ph2 (PhG) right",
      "Area Ph2 (PhG) left",
      "Area FG2 (FusG) right",
      "Area FG2 (FusG) left",
      "Area FG3 (FusG) right",
      "Area FG3 (FusG) left",
      "Area FG1 (FusG) right",
      "Area FG1 (FusG) left",
      "Area FG4 (FusG) right",
      "Area FG4 (FusG) left",
      "Area CoS1 (CoS) right",
      "Area CoS1 (CoS) left",
      "Area TPJ (STG/SMG) right",
      "Area TPJ (STG/SMG) left",
      "Frontal-to-Occipital (GapMap) right",
      "Frontal-to-Occipital (GapMap) left",
      "Temporal-to-Parietal (GapMap) right",
      "Temporal-to-Parietal (GapMap) left",
      "Frontal-I (GapMap) right",
      "Frontal-I (GapMap) left",
      "Frontal-to-Temporal-II (GapMap) right",
      "Frontal-to-Temporal-II (GapMap) left",
      "Frontal-II (GapMap) right",
      "Frontal-II (GapMap) left",
      "Area p24c (pACC) right",
      "Area p24c (pACC) left",
      "Area 25 (sACC) right",
      "Area 25 (sACC) left",
      "Area p24ab (pACC) right",
      "Area p24ab (pACC) left",
      "Area s32 (sACC) right",
      "Area s32 (sACC) left",
      "Area 33 (ACC) right",
      "Area 33 (ACC) left",
      "Area p32 (pACC) right",
      "Area p32 (pACC) left",
      "Area s24 (sACC) right",
      "Area s24 (sACC) left",
      "HC-Presubiculum (Hippocampus) right",
      "HC-Presubiculum (Hippocampus) left",
      "HATA (Hippocampus) right",
      "HATA (Hippocampus) left",
      "Entorhinal Cortex right",
      "Entorhinal Cortex left",
      "CA3 (Hippocampus) right",
      "CA3 (Hippocampus) left",
      "HC-Transsubiculum (Hippocampus) right",
      "HC-Transsubiculum (Hippocampus) left",
      "HC-Subiculum (Hippocampus) right",
      "HC-Subiculum (Hippocampus) left",
      "HC-Prosubiculum (Hippocampus) right",
      "HC-Prosubiculum (Hippocampus) left",
      "HC-Parasubiculum (Hippocampus) right",
      "HC-Parasubiculum (Hippocampus) left",
      "DG (Hippocampus) right",
      "DG (Hippocampus) left",
      "CA2 (Hippocampus) right",
      "CA2 (Hippocampus) left",
      "CA1 (Hippocampus) right",
      "CA1 (Hippocampus) left",
      "Interposed Nucleus (Cerebellum) right",
      "Interposed Nucleus (Cerebellum) left",
      "Dorsal Dentate Nucleus (Cerebellum) right",
      "Dorsal Dentate Nucleus (Cerebellum) left",
      "Ventral Dentate Nucleus (Cerebellum) right",
      "Ventral Dentate Nucleus (Cerebellum) left",
      "Fastigial Nucleus (Cerebellum) right",
      "Fastigial Nucleus (Cerebellum) left",
      "CGM (Metathalamus) right",
      "CGM (Metathalamus) left",
      "CGL (Metathalamus) right",
      "CGL (Metathalamus) left"
    ]
  }
}
