[
  {
    "@id": "8e7767c80dc1119e5307d71074de6c54",
    "@type": "siibra-python/regional-feature/connectivity-profile/v1.0.0",
    "profile": null
  }
]
