{
  "@id": "https://nexus.humanbrainproject.org/v0/data/minds/core/dataset/v1.0.0/e715e1f7-2079-45c4-a67f-f76b102acfce",
  "@type": "minds/core/dataset/v1.0.0",
  "id": "https://nexus.humanbrainproject.org/v0/data/minds/core/dataset/v1.0.0/e715e1f7-2079-45c4-a67f-f76b102acfce",
  "name": "Density measurements of different receptors for Area hOc1 (V1, 17, CalcS) [human, v1.0]",
  "description": "This dataset contains the densities (in fmol/mg protein) of receptors for classical neurotransmitters in Area hOc1 (V1, 17, CalcS) obtained by means of quantitative _in vitro_ autoradiography. The receptor densities are visualized as _fingerprints_ (**fp**), which provide the mean density and standard deviation for each of the analyzed receptor types, averaged across samples. \n\nOverview of available measurements [ **receptor** \\| **_neurotransmitter_** \\| _labeling agent_ ]:\n**AMPA** \\| **_glutamate_** \\| _[<sup>3</sup>H]AMPA_\n**kainate** \\| **_glutamate_** \\| _[<sup>3</sup>H]kainate_\n**NMDA** \\| **_glutamate_** \\| _[<sup>3</sup>H]MK-801_\n**GABA<sub>A</sub>** \\| **_GABA_** \\| _[<sup>3</sup>H]muscimol_\n**GABA<sub>B</sub>** \\| **_GABA_** \\| _[<sup>3</sup>H]CGP54626_\n**GABA<sub>A</sub>/BZ** \\| **_GABA_** \\| _[<sup>3</sup>H]flumazenil_\n**muscarinic M<sub>1</sub>** \\| **_acetylcholine_** \\| _[<sup>3</sup>H]pirenzepine_\n**muscarinic M<sub>2</sub>** \\| **_acetylcholine_** \\| _[<sup>3</sup>H]oxotremorine-M_\n**muscarinic M<sub>3</sub>** \\| **_acetylcholine_** \\| _[<sup>3</sup>H]4-DAMP_\n**nicotinic &#945<sub>4</sub>&#946<sub>2</sub>** \\| **_acetylcholine_** \\| _[<sup>3</sup>H]epibatidine_\n**&#945<sub>1</sub>** \\| **_noradrenalin/norepinephrine_** \\| _[<sup>3</sup>H]prazosin_\n**&#945<sub>2</sub>** \\| **_noradrenalin/norepinephrine_** \\| _[<sup>3</sup>H]UK-14,304_\n**5-HT<sub>1A</sub>** \\| **_serotonin_** \\| _[<sup>3</sup>H]8-OH-DPAT_\n**5-HT<sub>2</sub>** \\| **_serotonin_** \\| _[<sup>3</sup>H]ketanserin_\n**D<sub>1</sub>** \\| **_dopamine_** \\| _[<sup>3</sup>H]SCH23390_\n\nFor exemplary samples, we also provide laminar _profiles_ (**pr**)  and/or color-coded laminar _autoradiography_ images (**ar**). The density profiles provide, for a single tissue sample, an exemplary density distribution for a single receptor from the pial surface to the border between layer VI and the white matter. The autoradiography images show an exemplary density distribution of a single receptor for one laminar cross-section in a single tissue sample. \n\nInformation on the used tissue samples and corresponding subjects for the receptor fingerprints, profiles and autoradiographs as well as a list of analyzed receptors accompanies the provided dataset.\n\n**For methodological details, see:**\nZilles, K. et al. (2002). Quantitative analysis of cyto- and receptorarchitecture of the human brain, pp. 573-602. In: Brain Mapping: The Methods, 2nd edition (A.W. Toga and J.C. Mazziotta, eds.). San Diego, Academic Press.\n\nPalomero-Gallagher N, Zilles K. (2018) Cyto- and receptorarchitectonic mapping of the human brain. In: Handbook of Clinical Neurology 150: 355-387",
  "urls": [
    {
      "cite": null,
      "doi": "10.25493/P8SD-JMH"
    }
  ],
  "fingerprint": {
    "labels": [
      "AMPA",
      "kainate",
      "NMDA",
      "GABAA",
      "GABAB",
      "BZ",
      "M1",
      "M2",
      "M3",
      "alpha4beta2",
      "alpha1",
      "alpha2",
      "5-HT1A",
      "5-HT2",
      "D1"
    ],
    "unit": "fmol/mg",
    "meanvals": [
      500,
      260,
      1348,
      2508,
      2187,
      3882,
      661,
      390,
      524,
      48,
      264,
      347,
      192,
      408,
      102
    ],
    "stdvals": [
      223,
      239,
      320,
      828,
      274,
      1761,
      123,
      35,
      395,
      14,
      59,
      120,
      145,
      198,
      37
    ]
  },
  "profiles": {
    "alpha1": {
      "unit": "fmol/mg",
      "densities": [
        169,
        182,
        185,
        187,
        191,
        198,
        210,
        213,
        210,
        205,
        198,
        192,
        185,
        177,
        168,
        155,
        140,
        130,
        126,
        124,
        118,
        114,
        111,
        108,
        103,
        101,
        103,
        102,
        100,
        97,
        94,
        92,
        88,
        85,
        84,
        84,
        84,
        85,
        86,
        86,
        84,
        82,
        78,
        73,
        69,
        63,
        61,
        63,
        65,
        65,
        63,
        62,
        57,
        56,
        56,
        59,
        61,
        62,
        59,
        54,
        50,
        50,
        54,
        60,
        63,
        64,
        64,
        66,
        72,
        76,
        82,
        87,
        92,
        96,
        99,
        102,
        107,
        111,
        116,
        119,
        117,
        112,
        110,
        109,
        112,
        112,
        110,
        104,
        99,
        99,
        97,
        100,
        106,
        111,
        114,
        111,
        99,
        81,
        68,
        57,
        45
      ]
    },
    "BZ": {
      "unit": "fmol/mg",
      "densities": [
        2473,
        2710,
        2864,
        3020,
        3234,
        3468,
        3635,
        3810,
        3923,
        4020,
        4146,
        4263,
        4359,
        4457,
        4548,
        4605,
        4656,
        4716,
        4772,
        4825,
        4873,
        4900,
        4919,
        4943,
        4968,
        4993,
        5010,
        5022,
        5026,
        5018,
        4999,
        4980,
        4951,
        4912,
        4865,
        4814,
        4759,
        4700,
        4640,
        4575,
        4519,
        4445,
        4348,
        4266,
        4172,
        4067,
        3969,
        3893,
        3811,
        3723,
        3629,
        3522,
        3420,
        3343,
        3285,
        3219,
        3161,
        3130,
        3117,
        3125,
        3149,
        3182,
        3246,
        3315,
        3405,
        3511,
        3600,
        3682,
        3772,
        3851,
        3896,
        3910,
        3912,
        3886,
        3823,
        3727,
        3619,
        3509,
        3405,
        3311,
        3189,
        3074,
        2973,
        2888,
        2811,
        2753,
        2708,
        2648,
        2590,
        2539,
        2478,
        2402,
        2332,
        2243,
        2124,
        2017,
        1868,
        1730,
        1631,
        1527,
        1384
      ]
    },
    "5-HT2": {
      "unit": "fmol/mg",
      "densities": [
        332,
        342,
        352,
        362,
        373,
        384,
        394,
        398,
        401,
        403,
        403,
        404,
        404,
        405,
        404,
        404,
        403,
        403,
        402,
        402,
        401,
        400,
        399,
        399,
        402,
        405,
        408,
        410,
        413,
        417,
        423,
        428,
        432,
        435,
        438,
        438,
        438,
        439,
        441,
        443,
        445,
        444,
        443,
        443,
        442,
        441,
        439,
        437,
        435,
        434,
        432,
        430,
        429,
        428,
        427,
        425,
        425,
        425,
        425,
        427,
        428,
        431,
        433,
        435,
        435,
        436,
        438,
        439,
        440,
        440,
        439,
        438,
        436,
        433,
        430,
        424,
        418,
        411,
        404,
        398,
        392,
        386,
        380,
        374,
        366,
        357,
        349,
        342,
        336,
        329,
        322,
        314,
        308,
        304,
        299,
        294,
        290,
        285,
        281,
        277,
        273
      ]
    },
    "alpha2": {
      "unit": "fmol/mg",
      "densities": [
        566,
        604,
        658,
        714,
        772,
        820,
        868,
        896,
        914,
        952,
        992,
        1028,
        1054,
        1081,
        1105,
        1136,
        1166,
        1197,
        1216,
        1231,
        1252,
        1282,
        1305,
        1317,
        1326,
        1335,
        1343,
        1353,
        1362,
        1374,
        1381,
        1376,
        1374,
        1371,
        1363,
        1350,
        1343,
        1335,
        1317,
        1294,
        1277,
        1265,
        1245,
        1211,
        1182,
        1157,
        1126,
        1103,
        1079,
        1043,
        1012,
        983,
        952,
        932,
        914,
        893,
        879,
        876,
        873,
        861,
        862,
        863,
        861,
        864,
        866,
        870,
        876,
        882,
        890,
        901,
        911,
        920,
        929,
        943,
        954,
        966,
        977,
        993,
        1007,
        1014,
        1026,
        1037,
        1044,
        1043,
        1038,
        1028,
        1013,
        998,
        982,
        968,
        940,
        908,
        877,
        854,
        826,
        774,
        717,
        665,
        621,
        578,
        545
      ]
    },
    "alpha4beta2": {
      "unit": "fmol/mg",
      "densities": [
        76,
        75,
        72,
        69,
        65,
        62,
        59,
        57,
        55,
        55,
        55,
        52,
        48,
        45,
        44,
        43,
        39,
        38,
        38,
        38,
        38,
        36,
        31,
        27,
        23,
        19,
        17,
        18,
        21,
        22,
        22,
        23,
        26,
        27,
        28,
        27,
        26,
        26,
        26,
        25,
        26,
        28,
        29,
        30,
        31,
        32,
        31,
        32,
        31,
        31,
        32,
        32,
        34,
        35,
        37,
        39,
        39,
        37,
        35,
        36,
        34,
        32,
        31,
        30,
        32,
        37,
        42,
        46,
        49,
        52,
        53,
        52,
        49,
        46,
        45,
        43,
        42,
        41,
        39,
        36,
        35,
        35,
        34,
        34,
        32,
        33,
        33,
        35,
        39,
        43,
        44,
        46,
        47,
        48,
        48,
        46,
        43,
        42,
        40,
        39,
        37
      ]
    },
    "5-HT1A": {
      "unit": "fmol/mg",
      "densities": [
        277,
        294,
        311,
        326,
        347,
        369,
        382,
        394,
        400,
        404,
        411,
        413,
        413,
        412,
        412,
        409,
        403,
        394,
        383,
        370,
        354,
        342,
        331,
        318,
        301,
        281,
        259,
        239,
        223,
        209,
        196,
        181,
        166,
        157,
        152,
        143,
        135,
        129,
        124,
        120,
        116,
        111,
        108,
        107,
        105,
        102,
        99,
        97,
        93,
        91,
        88,
        85,
        84,
        82,
        81,
        80,
        80,
        80,
        80,
        82,
        81,
        81,
        83,
        82,
        80,
        79,
        80,
        79,
        79,
        80,
        78,
        78,
        80,
        80,
        79,
        79,
        82,
        85,
        87,
        89,
        90,
        91,
        93,
        96,
        97,
        277,
        294,
        311,
        326,
        347,
        369,
        382,
        394,
        400,
        404,
        411,
        413,
        413,
        412,
        75,
        71
      ]
    },
    "M2": {
      "unit": "fmol/mg",
      "densities": [
        112,
        121,
        125,
        129,
        133,
        139,
        147,
        153,
        160,
        167,
        170,
        170,
        168,
        167,
        170,
        173,
        179,
        186,
        191,
        193,
        194,
        197,
        203,
        213,
        217,
        214,
        209,
        202,
        200,
        206,
        214,
        222,
        226,
        223,
        218,
        211,
        207,
        205,
        202,
        197,
        186,
        176,
        167,
        162,
        160,
        161,
        166,
        169,
        171,
        176,
        178,
        178,
        174,
        168,
        160,
        156,
        155,
        161,
        170,
        179,
        186,
        191,
        195,
        198,
        200,
        201,
        198,
        190,
        180,
        169,
        161,
        158,
        161,
        171,
        183,
        191,
        200,
        207,
        211,
        211,
        211,
        211,
        209,
        205,
        201,
        198,
        194,
        189,
        183,
        177,
        177,
        180,
        185,
        190,
        191,
        189,
        180,
        168,
        152,
        137,
        113
      ]
    },
    "M3": {
      "unit": "fmol/mg",
      "densities": [
        747,
        866,
        947,
        999,
        1041,
        1082,
        1113,
        1137,
        1153,
        1156,
        1162,
        1164,
        1164,
        1165,
        1168,
        1164,
        1159,
        1160,
        1165,
        1164,
        1156,
        1146,
        1141,
        1141,
        1141,
        1139,
        1134,
        1130,
        1118,
        1103,
        1078,
        1055,
        1037,
        1027,
        1014,
        994,
        974,
        948,
        904,
        845,
        773,
        707,
        653,
        616,
        588,
        563,
        544,
        532,
        527,
        524,
        523,
        527,
        537,
        552,
        577,
        608,
        639,
        661,
        679,
        689,
        696,
        693,
        681,
        663,
        648,
        637,
        628,
        632,
        646,
        683,
        735,
        784,
        816,
        831,
        825,
        813,
        794,
        771,
        752,
        731,
        709,
        694,
        678,
        671,
        672,
        674,
        680,
        681,
        681,
        673,
        661,
        650,
        637,
        629,
        619,
        590,
        549,
        512,
        473,
        434,
        387
      ]
    },
    "AMPA": {
      "unit": "fmol/mg",
      "densities": [
        297,
        310,
        324,
        341,
        349,
        357,
        358,
        352,
        345,
        339,
        334,
        332,
        332,
        329,
        328,
        323,
        317,
        311,
        303,
        298,
        296,
        293,
        290,
        289,
        286,
        278,
        276,
        268,
        261,
        253,
        249,
        245,
        243,
        242,
        233,
        225,
        218,
        205,
        199,
        195,
        188,
        183,
        178,
        168,
        165,
        161,
        156,
        154,
        154,
        150,
        147,
        145,
        145,
        143,
        145,
        148,
        147,
        147,
        150,
        153,
        156,
        160,
        167,
        176,
        177,
        178,
        177,
        181,
        181,
        178,
        179,
        182,
        187,
        192,
        197,
        205,
        212,
        219,
        222,
        226,
        228,
        227,
        229,
        230,
        234,
        235,
        241,
        248,
        252,
        258,
        262,
        259,
        254,
        250,
        243,
        232,
        225,
        217,
        209,
        207,
        201
      ]
    },
    "GABAB": {
      "unit": "fmol/mg",
      "densities": [
        1950,
        2101,
        2204,
        2293,
        2375,
        2468,
        2534,
        2563,
        2578,
        2584,
        2575,
        2549,
        2529,
        2518,
        2514,
        2515,
        2527,
        2522,
        2514,
        2508,
        2504,
        2496,
        2489,
        2472,
        2453,
        2437,
        2426,
        2402,
        2367,
        2348,
        2345,
        2350,
        2365,
        2378,
        2388,
        2393,
        2381,
        2358,
        2338,
        2287,
        2215,
        2145,
        2055,
        1975,
        1905,
        1864,
        1826,
        1768,
        1704,
        1597,
        1488,
        1344,
        1223,
        1151,
        1065,
        1008,
        973,
        965,
        970,
        975,
        973,
        970,
        974,
        991,
        1010,
        1032,
        1058,
        1083,
        1108,
        1136,
        1171,
        1199,
        1227,
        1257,
        1285,
        1315,
        1342,
        1374,
        1399,
        1409,
        1415,
        1423,
        1425,
        1441,
        1483,
        1546,
        1599,
        1634,
        1645,
        1647,
        1634,
        1609,
        1576,
        1550,
        1530,
        1504,
        1466,
        1429,
        1390,
        1350,
        1319
      ]
    },
    "mGluR2_3": {
      "unit": "fmol/mg",
      "densities": [
        1996,
        1992,
        1992,
        1993,
        1990,
        1979,
        1952,
        1929,
        1899,
        1865,
        1828,
        1791,
        1756,
        1721,
        1692,
        1658,
        1618,
        1574,
        1533,
        1510,
        1490,
        1475,
        1466,
        1456,
        1432,
        1396,
        1369,
        1342,
        1312,
        1298,
        1292,
        1279,
        1266,
        1251,
        1228,
        1202,
        1177,
        1153,
        1125,
        1101,
        1080,
        1051,
        1025,
        1014,
        996,
        978,
        976,
        966,
        946,
        930,
        923,
        903,
        880,
        858,
        841,
        837,
        836,
        846,
        858,
        859,
        861,
        863,
        870,
        874,
        883,
        901,
        942,
        976,
        1009,
        1043,
        1085,
        1118,
        1152,
        1191,
        1225,
        1256,
        1289,
        1316,
        1332,
        1341,
        1336,
        1336,
        1328,
        1315,
        1294,
        1271,
        1262,
        1253,
        1241,
        1237,
        1230,
        1216,
        1191,
        1165,
        1131,
        1090,
        1044,
        993,
        939,
        891,
        847
      ]
    },
    "M1": {
      "unit": "fmol/mg",
      "densities": [
        441,
        453,
        464,
        471,
        476,
        483,
        495,
        503,
        511,
        518,
        522,
        526,
        528,
        529,
        529,
        527,
        526,
        526,
        527,
        525,
        522,
        521,
        519,
        516,
        514,
        511,
        508,
        507,
        506,
        503,
        498,
        497,
        494,
        489,
        484,
        477,
        469,
        465,
        459,
        450,
        437,
        423,
        410,
        396,
        382,
        371,
        366,
        356,
        342,
        329,
        316,
        306,
        297,
        289,
        285,
        283,
        282,
        278,
        278,
        280,
        284,
        288,
        292,
        293,
        295,
        300,
        304,
        306,
        309,
        313,
        317,
        321,
        324,
        326,
        328,
        330,
        332,
        336,
        341,
        345,
        346,
        347,
        346,
        346,
        345,
        340,
        334,
        328,
        326,
        323,
        318,
        312,
        305,
        297,
        288,
        278,
        270,
        264,
        256,
        240,
        224
      ]
    },
    "D1": {
      "unit": "fmol/mg",
      "densities": [
        208,
        216,
        226,
        235,
        239,
        241,
        246,
        252,
        255,
        259,
        264,
        268,
        274,
        280,
        283,
        285,
        290,
        293,
        294,
        291,
        285,
        283,
        281,
        278,
        278,
        277,
        271,
        269,
        266,
        261,
        258,
        255,
        253,
        251,
        249,
        249,
        248,
        247,
        248,
        248,
        249,
        249,
        250,
        250,
        248,
        247,
        245,
        242,
        240,
        237,
        235,
        230,
        227,
        222,
        220,
        216,
        214,
        212,
        212,
        212,
        212,
        213,
        216,
        221,
        224,
        227,
        227,
        228,
        230,
        233,
        237,
        239,
        242,
        247,
        253,
        258,
        261,
        264,
        269,
        274,
        278,
        285,
        291,
        293,
        292,
        291,
        290,
        292,
        297,
        299,
        299,
        299,
        299,
        300,
        299,
        296,
        291,
        282,
        267,
        253,
        243
      ]
    },
    "kainate": {
      "unit": "fmol/mg",
      "densities": [
        765,
        800,
        852,
        906,
        936,
        984,
        1015,
        1023,
        1032,
        1023,
        1021,
        1017,
        1003,
        979,
        961,
        944,
        930,
        907,
        876,
        850,
        822,
        801,
        773,
        743,
        726,
        700,
        691,
        686,
        679,
        669,
        663,
        653,
        647,
        650,
        655,
        660,
        668,
        671,
        666,
        668,
        675,
        679,
        687,
        688,
        684,
        677,
        677,
        666,
        658,
        642,
        618,
        597,
        573,
        545,
        521,
        498,
        482,
        483,
        496,
        502,
        510,
        535,
        549,
        560,
        570,
        590,
        606,
        621,
        643,
        673,
        710,
        750,
        803,
        885,
        972,
        1063,
        1160,
        1214,
        1264,
        1300,
        1312,
        1311,
        1317,
        1317,
        1313,
        1309,
        1309,
        1318,
        1346,
        1365,
        1378,
        1376,
        1374,
        1361,
        1343,
        1321,
        1284,
        1261,
        1189,
        1096,
        1034
      ]
    },
    "NMDA": {
      "unit": "fmol/mg",
      "densities": [
        572,
        614,
        649,
        691,
        711,
        727,
        739,
        740,
        740,
        744,
        746,
        747,
        745,
        748,
        744,
        733,
        724,
        718,
        710,
        717,
        732,
        739,
        740,
        737,
        732,
        726,
        722,
        714,
        702,
        686,
        665,
        654,
        649,
        645,
        651,
        651,
        651,
        653,
        650,
        648,
        648,
        651,
        650,
        646,
        641,
        636,
        625,
        624,
        617,
        609,
        606,
        615,
        627,
        635,
        644,
        650,
        666,
        673,
        674,
        680,
        682,
        681,
        683,
        683,
        675,
        658,
        634,
        620,
        600,
        581,
        566,
        552,
        537,
        520,
        505,
        491,
        477,
        464,
        454,
        450,
        452,
        461,
        476,
        481,
        475,
        458,
        439,
        421,
        406,
        397,
        406,
        424,
        440,
        451,
        448,
        432,
        417,
        404,
        382,
        364,
        342
      ]
    },
    "GABAA": {
      "unit": "fmol/mg",
      "densities": [
        1053,
        1101,
        1153,
        1213,
        1274,
        1334,
        1386,
        1427,
        1472,
        1517,
        1554,
        1585,
        1605,
        1620,
        1636,
        1649,
        1661,
        1671,
        1682,
        1686,
        1689,
        1687,
        1685,
        1684,
        1693,
        1695,
        1692,
        1690,
        1691,
        1693,
        1680,
        1662,
        1643,
        1611,
        1578,
        1537,
        1490,
        1441,
        1402,
        1365,
        1342,
        1319,
        1301,
        1289,
        1277,
        1274,
        1287,
        1291,
        1290,
        1294,
        1294,
        1300,
        1322,
        1343,
        1373,
        1394,
        1425,
        1452,
        1476,
        1500,
        1513,
        1519,
        1530,
        1542,
        1540,
        1528,
        1507,
        1476,
        1428,
        1363,
        1298,
        1234,
        1189,
        1139,
        1098,
        1047,
        1020,
        987,
        958,
        934,
        909,
        896,
        890,
        877,
        854,
        840,
        823,
        808,
        796,
        775,
        755,
        742,
        719,
        701,
        685,
        660,
        634,
        602,
        580,
        559,
        529
      ]
    }
  },
  "autoradiographs": null,
  "receptor_symbols": {
    "5-HT1A": {
      "receptor": {
        "latex": "$5-HT_{1A}$",
        "markdown": "5-HT<sub>1A</sub>",
        "name": "5-hydroxytryptamine receptor type 1A"
      },
      "neurotransmitter": {
        "latex": "$5-HT$",
        "markdown": "5-HT",
        "name": "serotonin",
        "label": "5-HT"
      }
    },
    "5-HT2": {
      "receptor": {
        "latex": "$5-HT_2$",
        "markdown": "5-HT<sub>2</sub>",
        "name": "5-hydroxytryptamine receptor type 2"
      },
      "neurotransmitter": {
        "latex": "$5-HT$",
        "markdown": "5-HT",
        "name": "serotonin",
        "label": "5-HT"
      }
    },
    "AMPA": {
      "receptor": {
        "latex": "$AMPA$",
        "markdown": "AMPA",
        "name": "alpha-amino-3hydroxy-5-methyl-4isoxazolepropionic acid receptor"
      },
      "neurotransmitter": {
        "latex": "$Glu$",
        "markdown": "Glu",
        "name": "glutamate",
        "label": "Glu"
      }
    },
    "BZ": {
      "receptor": {
        "latex": "$GABA_A/BZ$",
        "markdown": "GABA<sub>A</sub>/BZ",
        "name": "gamma-aminobutyric acid receptor type A / benzodiazepine associated binding site"
      },
      "neurotransmitter": {
        "latex": "$GABA$",
        "markdown": "GABA",
        "name": "gamma-aminobutyric acid",
        "label": "GABA"
      }
    },
    "D1": {
      "receptor": {
        "latex": "$D_1$",
        "markdown": "D<sub>1</sub>",
        "name": "dopamine receptor type 1"
      },
      "neurotransmitter": {
        "latex": "$DA$",
        "markdown": "DA",
        "name": "dopamine",
        "label": "DA"
      }
    },
    "GABAA": {
      "receptor": {
        "latex": "$GABA_A$",
        "markdown": "GABA<sub>A</sub>",
        "name": "gamma-aminobutyric acid receptor type A"
      },
      "neurotransmitter": {
        "latex": "$GABA$",
        "markdown": "GABA",
        "name": "gamma-aminobutyric acid",
        "label": "GABA"
      }
    },
    "GABAB": {
      "receptor": {
        "latex": "$GABA_B$",
        "markdown": "GABA<sub>B</sub>",
        "name": "gamma-aminobutyric acid receptor type B"
      },
      "neurotransmitter": {
        "latex": "$GABA$",
        "markdown": "GABA",
        "name": "gamma-aminobutyric acid",
        "label": "GABA"
      }
    },
    "M1": {
      "receptor": {
        "latex": "$M_1$",
        "markdown": "M<sub>1</sub>",
        "name": "muscarinic acetylcholine receptor type 1"
      },
      "neurotransmitter": {
        "latex": "$ACh$",
        "markdown": "ACh",
        "name": "acetylcholine",
        "label": "ACh"
      }
    },
    "M2": {
      "receptor": {
        "latex": "$M_2$",
        "markdown": "M<sub>2</sub>",
        "name": "muscarinic acetylcholine receptor type 2"
      },
      "neurotransmitter": {
        "latex": "$ACh$",
        "markdown": "ACh",
        "name": "acetylcholine",
        "label": "ACh"
      }
    },
    "M3": {
      "receptor": {
        "latex": "$M_3$",
        "markdown": "M<sub>3</sub>",
        "name": "muscarinic acetylcholine receptor type 3"
      },
      "neurotransmitter": {
        "latex": "$ACh$",
        "markdown": "ACh",
        "name": "acetylcholine",
        "label": "ACh"
      }
    },
    "NMDA": {
      "receptor": {
        "latex": "$NMDA$",
        "markdown": "NMDA",
        "name": "N-methyl-D-aspartate receptor"
      },
      "neurotransmitter": {
        "latex": "$Glu$",
        "markdown": "Glu",
        "name": "glutamate",
        "label": "Glu"
      }
    },
    "alpha1": {
      "receptor": {
        "latex": "$\\alpha_1$",
        "markdown": "&#945<sub>1</sub>",
        "name": "alpha-1 adrenergic receptor"
      },
      "neurotransmitter": {
        "latex": "$NE$",
        "markdown": "NE",
        "name": "norepinephrine",
        "label": "NE"
      }
    },
    "alpha2": {
      "receptor": {
        "latex": "$\\alpha_2$",
        "markdown": "&#945<sub>2</sub>",
        "name": "alpha-2 adrenergic receptor"
      },
      "neurotransmitter": {
        "latex": "$NE$",
        "markdown": "NE",
        "name": "norepinephrine",
        "label": "NE"
      }
    },
    "alpha4beta2": {
      "receptor": {
        "latex": "$\\alpha_4\\beta_2$",
        "markdown": "&#945<sub>4</sub>&#946<sub>2</sub>",
        "name": "alpha-4 beta-2 nicotinic receptor"
      },
      "neurotransmitter": {
        "latex": "$ACh$",
        "markdown": "ACh",
        "name": "acetylcholine",
        "label": "ACh"
      }
    },
    "kainate": {
      "receptor": {
        "latex": "$kainate$",
        "markdown": "kainate",
        "name": "kainate receptors"
      },
      "neurotransmitter": {
        "latex": "$Glu$",
        "markdown": "Glu",
        "name": "glutamate",
        "label": "Glu"
      }
    },
    "mGluR2_3": {
      "receptor": {
        "latex": "$mGluR2/3$",
        "markdown": "mGluR2/3",
        "name": "metabotropic glutamate receptor type 2 and 3"
      },
      "neurotransmitter": {
        "latex": "$Glu$",
        "markdown": "Glu",
        "name": "glutamate",
        "label": "Glu"
      }
    }
  }
}
